// Jest Snapshot v1, https://goo.gl/fbAQLP

exports[`Exchange.View renders correctly 1`] = `
<div
  className="site-inner"
>
  <div
    className="exchange"
  >
    <div
      className="exchange-header"
    >
      <i
        className="ion-close"
      />
      <h1
        className="page-title"
      >
        Exchange
      </h1>
      <i
        className="ion-help-circled"
      />
    </div>
    <div
      className="exchange-item first "
    >
      <div
        className="amount-wrapper"
      >
        <div
          className="currency-wrapper"
        >
          <select
            className="currency-select"
            onChange={[Function]}
            value="USD"
          >
            <option
              value="EUR"
            >
              EUR
            </option>
            <option
              value="GBP"
            >
              GBP
            </option>
            <option
              value="USD"
            >
              USD
            </option>
          </select>
          <i
            className="ion-chevron-down"
          />
        </div>
        <div
          className="digit-input-wrapper"
        >
          <input
            className="digit-input"
            onChange={[Function]}
            placeholder="0"
            type="text"
            value=""
          />
        </div>
      </div>
      <span
        className="balance"
      >
        Balance: 
        $
        143.73
      </span>
    </div>
    <div
      className="separator"
    >
      <button
        className="btn-exchange"
        onClick={[Function]}
        type="button"
      >
        <i
          className="ion-arrow-swap"
        />
      </button>
      <div
        className="rate-wrapper"
      >
        <i
          className="ion-arrow-graph-up-right"
        />
        <span
          className="rate"
        >
          $
          1 = 
          £
          0
        </span>
      </div>
    </div>
    <div
      className="exchange-item alt"
    >
      <div
        className="amount-wrapper"
      >
        <div
          className="currency-wrapper"
        >
          <select
            className="currency-select"
            onChange={[Function]}
            value="GBP"
          >
            <option
              value="EUR"
            >
              EUR
            </option>
            <option
              value="GBP"
            >
              GBP
            </option>
            <option
              value="USD"
            >
              USD
            </option>
          </select>
          <i
            className="ion-chevron-down"
          />
        </div>
        <div
          className="digit-input-wrapper"
        >
          <input
            className="digit-input"
            onChange={[Function]}
            placeholder="0"
            type="text"
            value=""
          />
        </div>
      </div>
      <span
        className="balance"
      >
        Balance: 
        £
        79.14
      </span>
    </div>
    <div
      className="btn-wrapper"
    >
      <button
        className="btn disabled"
        type="button"
      >
        Exchange
      </button>
    </div>
  </div>
</div>
`;
